09:58:09 **** Incremental Build of configuration Debug for project test ****
make pre-build main-build 
a9-linaro-pre-build-step
' '
'Building file: ../src/vdma_api/vdma_api.c'
'Invoking: ARM v7 gcc compiler'
arm-none-eabi-gcc -Wall -O0 -g3 -c -fmessage-length=0 -MT"src/vdma_api/vdma_api.o" -mcpu=cortex-a9 -mfpu=vfpv3 -mfloat-abi=hard -I../../test_bsp/ps7_cortexa9_0/include -MMD -MP -MF"src/vdma_api/vdma_api.d" -MT"src/vdma_api/vdma_api.o" -o "src/vdma_api/vdma_api.o" "../src/vdma_api/vdma_api.c"
'Finished building: ../src/vdma_api/vdma_api.c'
' '
'Building file: ../src/main.c'
'Invoking: ARM v7 gcc compiler'
arm-none-eabi-gcc -Wall -O0 -g3 -c -fmessage-length=0 -MT"src/main.o" -mcpu=cortex-a9 -mfpu=vfpv3 -mfloat-abi=hard -I../../test_bsp/ps7_cortexa9_0/include -MMD -MP -MF"src/main.d" -MT"src/main.o" -o "src/main.o" "../src/main.c"
../src/main.c: In function 'main':
../src/main.c:24:6: warning: unused variable 'status' [-Wunused-variable]
  int status;
      ^~~~~~
'Finished building: ../src/main.c'
' '
'Building file: ../src/platform.c'
'Invoking: ARM v7 gcc compiler'
arm-none-eabi-gcc -Wall -O0 -g3 -c -fmessage-length=0 -MT"src/platform.o" -mcpu=cortex-a9 -mfpu=vfpv3 -mfloat-abi=hard -I../../test_bsp/ps7_cortexa9_0/include -MMD -MP -MF"src/platform.d" -MT"src/platform.o" -o "src/platform.o" "../src/platform.c"
'Finished building: ../src/platform.c'
' '
'Building target: test.elf'
'Invoking: ARM v7 gcc linker'
arm-none-eabi-gcc -mcpu=cortex-a9 -mfpu=vfpv3 -mfloat-abi=hard -Wl,-build-id=none -specs=Xilinx.spec -Wl,-T -Wl,../src/lscript.ld -L../../test_bsp/ps7_cortexa9_0/lib -o "test.elf"  ./src/vdma_api/vdma_api.o  ./src/main.o ./src/platform.o   -Wl,--start-group,-lxil,-lgcc,-lc,--end-group
'Finished building target: test.elf'
' '
'Invoking: ARM v7 Print Size'
arm-none-eabi-size test.elf  |tee "test.elf.size"
   text	   data	    bss	    dec	    hex	filename
  35204	   1416	  25792	  62412	   f3cc	test.elf
'Finished building: test.elf.size'
' '
09:58:38 **** Incremental Build of configuration Debug for project test ****
make pre-build main-build 
a9-linaro-pre-build-step
' '
make: Nothing to be done for 'main-build'.
10:02:58 **** Auto Build of configuration Debug for project test ****
make pre-build main-build 
a9-linaro-pre-build-step
' '
'Building file: ../src/main.c'
'Invoking: ARM v7 gcc compiler'
arm-none-eabi-gcc -Wall -O0 -g3 -c -fmessage-length=0 -MT"src/main.o" -mcpu=cortex-a9 -mfpu=vfpv3 -mfloat-abi=hard -I../../test_bsp/ps7_cortexa9_0/include -MMD -MP -MF"src/main.d" -MT"src/main.o" -o "src/main.o" "../src/main.c"
../src/main.c: In function 'main':
../src/main.c:24:6: warning: unused variable 'status' [-Wunused-variable]
  int status;
      ^~~~~~
'Finished building: ../src/main.c'
' '
'Building target: test.elf'
'Invoking: ARM v7 gcc linker'
arm-none-eabi-gcc -mcpu=cortex-a9 -mfpu=vfpv3 -mfloat-abi=hard -Wl,-build-id=none -specs=Xilinx.spec -Wl,-T -Wl,../src/lscript.ld -L../../test_bsp/ps7_cortexa9_0/lib -o "test.elf"  ./src/vdma_api/vdma_api.o  ./src/main.o ./src/platform.o   -Wl,--start-group,-lxil,-lgcc,-lc,--end-group
'Finished building target: test.elf'
' '
'Invoking: ARM v7 Print Size'
arm-none-eabi-size test.elf  |tee "test.elf.size"
   text	   data	    bss	    dec	    hex	filename
  35204	   1416	  25792	  62412	   f3cc	test.elf
'Finished building: test.elf.size'
' '
10:03:01 **** Incremental Build of configuration Debug for project test ****
make pre-build main-build 
a9-linaro-pre-build-step
' '
make: Nothing to be done for 'main-build'.
10:03:04 **** Incremental Build of configuration Debug for project test ****
make pre-build main-build 
a9-linaro-pre-build-step
' '
make: Nothing to be done for 'main-build'.
10:03:49 **** Auto Build of configuration Debug for project test ****
make pre-build main-build 
a9-linaro-pre-build-step
' '
'Building file: ../src/main.c'
'Invoking: ARM v7 gcc compiler'
arm-none-eabi-gcc -Wall -O0 -g3 -c -fmessage-length=0 -MT"src/main.o" -mcpu=cortex-a9 -mfpu=vfpv3 -mfloat-abi=hard -I../../test_bsp/ps7_cortexa9_0/include -MMD -MP -MF"src/main.d" -MT"src/main.o" -o "src/main.o" "../src/main.c"
../src/main.c: In function 'main':
../src/main.c:24:6: warning: unused variable 'status' [-Wunused-variable]
  int status;
      ^~~~~~
'Finished building: ../src/main.c'
' '
'Building target: test.elf'
'Invoking: ARM v7 gcc linker'
arm-none-eabi-gcc -mcpu=cortex-a9 -mfpu=vfpv3 -mfloat-abi=hard -Wl,-build-id=none -specs=Xilinx.spec -Wl,-T -Wl,../src/lscript.ld -L../../test_bsp/ps7_cortexa9_0/lib -o "test.elf"  ./src/vdma_api/vdma_api.o  ./src/main.o ./src/platform.o   -Wl,--start-group,-lxil,-lgcc,-lc,--end-group
'Finished building target: test.elf'
' '
'Invoking: ARM v7 Print Size'
arm-none-eabi-size test.elf  |tee "test.elf.size"
   text	   data	    bss	    dec	    hex	filename
  35204	   1416	  25792	  62412	   f3cc	test.elf
'Finished building: test.elf.size'
' '
10:03:51 **** Incremental Build of configuration Debug for project test ****
make pre-build main-build 
a9-linaro-pre-build-step
' '
make: Nothing to be done for 'main-build'.
10:04:57 **** Auto Build of configuration Debug for project test ****
make pre-build main-build 
a9-linaro-pre-build-step
' '
'Building file: ../src/main.c'
'Invoking: ARM v7 gcc compiler'
arm-none-eabi-gcc -Wall -O0 -g3 -c -fmessage-length=0 -MT"src/main.o" -mcpu=cortex-a9 -mfpu=vfpv3 -mfloat-abi=hard -I../../test_bsp/ps7_cortexa9_0/include -MMD -MP -MF"src/main.d" -MT"src/main.o" -o "src/main.o" "../src/main.c"
../src/main.c: In function 'main':
../src/main.c:24:6: warning: unused variable 'status' [-Wunused-variable]
  int status;
      ^~~~~~
'Finished building: ../src/main.c'
' '
'Building target: test.elf'
'Invoking: ARM v7 gcc linker'
arm-none-eabi-gcc -mcpu=cortex-a9 -mfpu=vfpv3 -mfloat-abi=hard -Wl,-build-id=none -specs=Xilinx.spec -Wl,-T -Wl,../src/lscript.ld -L../../test_bsp/ps7_cortexa9_0/lib -o "test.elf"  ./src/vdma_api/vdma_api.o  ./src/main.o ./src/platform.o   -Wl,--start-group,-lxil,-lgcc,-lc,--end-group
'Finished building target: test.elf'
' '
'Invoking: ARM v7 Print Size'
arm-none-eabi-size test.elf  |tee "test.elf.size"
   text	   data	    bss	    dec	    hex	filename
  35204	   1416	  25792	  62412	   f3cc	test.elf
'Finished building: test.elf.size'
' '
10:04:59 **** Incremental Build of configuration Debug for project test ****
make pre-build main-build 
a9-linaro-pre-build-step
' '
make: Nothing to be done for 'main-build'.
10:05:54 **** Auto Build of configuration Debug for project test ****
make pre-build main-build 
a9-linaro-pre-build-step
' '
'Building file: ../src/main.c'
'Invoking: ARM v7 gcc compiler'
arm-none-eabi-gcc -Wall -O0 -g3 -c -fmessage-length=0 -MT"src/main.o" -mcpu=cortex-a9 -mfpu=vfpv3 -mfloat-abi=hard -I../../test_bsp/ps7_cortexa9_0/include -MMD -MP -MF"src/main.d" -MT"src/main.o" -o "src/main.o" "../src/main.c"
../src/main.c: In function 'main':
../src/main.c:24:6: warning: unused variable 'status' [-Wunused-variable]
  int status;
      ^~~~~~
'Finished building: ../src/main.c'
' '
'Building target: test.elf'
'Invoking: ARM v7 gcc linker'
arm-none-eabi-gcc -mcpu=cortex-a9 -mfpu=vfpv3 -mfloat-abi=hard -Wl,-build-id=none -specs=Xilinx.spec -Wl,-T -Wl,../src/lscript.ld -L../../test_bsp/ps7_cortexa9_0/lib -o "test.elf"  ./src/vdma_api/vdma_api.o  ./src/main.o ./src/platform.o   -Wl,--start-group,-lxil,-lgcc,-lc,--end-group
'Finished building target: test.elf'
' '
'Invoking: ARM v7 Print Size'
arm-none-eabi-size test.elf  |tee "test.elf.size"
   text	   data	    bss	    dec	    hex	filename
  35204	   1416	  25792	  62412	   f3cc	test.elf
'Finished building: test.elf.size'
' '
10:05:56 **** Incremental Build of configuration Debug for project test ****
make pre-build main-build 
a9-linaro-pre-build-step
' '
make: Nothing to be done for 'main-build'.
10:06:43 **** Auto Build of configuration Debug for project test ****
make pre-build main-build 
a9-linaro-pre-build-step
' '
'Building file: ../src/main.c'
'Invoking: ARM v7 gcc compiler'
arm-none-eabi-gcc -Wall -O0 -g3 -c -fmessage-length=0 -MT"src/main.o" -mcpu=cortex-a9 -mfpu=vfpv3 -mfloat-abi=hard -I../../test_bsp/ps7_cortexa9_0/include -MMD -MP -MF"src/main.d" -MT"src/main.o" -o "src/main.o" "../src/main.c"
../src/main.c: In function 'main':
../src/main.c:24:6: warning: unused variable 'status' [-Wunused-variable]
  int status;
      ^~~~~~
'Finished building: ../src/main.c'
' '
'Building target: test.elf'
'Invoking: ARM v7 gcc linker'
arm-none-eabi-gcc -mcpu=cortex-a9 -mfpu=vfpv3 -mfloat-abi=hard -Wl,-build-id=none -specs=Xilinx.spec -Wl,-T -Wl,../src/lscript.ld -L../../test_bsp/ps7_cortexa9_0/lib -o "test.elf"  ./src/vdma_api/vdma_api.o  ./src/main.o ./src/platform.o   -Wl,--start-group,-lxil,-lgcc,-lc,--end-group
'Finished building target: test.elf'
' '
'Invoking: ARM v7 Print Size'
arm-none-eabi-size test.elf  |tee "test.elf.size"
   text	   data	    bss	    dec	    hex	filename
  35204	   1416	  25792	  62412	   f3cc	test.elf
'Finished building: test.elf.size'
' '
10:06:45 **** Incremental Build of configuration Debug for project test ****
make pre-build main-build 
a9-linaro-pre-build-step
' '
make: Nothing to be done for 'main-build'.
10:38:21 **** Incremental Build of configuration Debug for project test ****
make pre-build main-build 
a9-linaro-pre-build-step
' '
make: Nothing to be done for 'main-build'.
14:26:55 **** Auto Build of configuration Debug for project test ****
make pre-build main-build 
a9-linaro-pre-build-step
' '
'Building file: ../src/main.c'
'Invoking: ARM v7 gcc compiler'
arm-none-eabi-gcc -Wall -O0 -g3 -c -fmessage-length=0 -MT"src/main.o" -mcpu=cortex-a9 -mfpu=vfpv3 -mfloat-abi=hard -I../../test_bsp/ps7_cortexa9_0/include -MMD -MP -MF"src/main.d" -MT"src/main.o" -o "src/main.o" "../src/main.c"
../src/main.c: In function 'main':
../src/main.c:24:6: warning: unused variable 'status' [-Wunused-variable]
  int status;
      ^~~~~~
'Finished building: ../src/main.c'
' '
'Building target: test.elf'
'Invoking: ARM v7 gcc linker'
arm-none-eabi-gcc -mcpu=cortex-a9 -mfpu=vfpv3 -mfloat-abi=hard -Wl,-build-id=none -specs=Xilinx.spec -Wl,-T -Wl,../src/lscript.ld -L../../test_bsp/ps7_cortexa9_0/lib -o "test.elf"  ./src/vdma_api/vdma_api.o  ./src/main.o ./src/platform.o   -Wl,--start-group,-lxil,-lgcc,-lc,--end-group
'Finished building target: test.elf'
' '
'Invoking: ARM v7 Print Size'
arm-none-eabi-size test.elf  |tee "test.elf.size"
   text	   data	    bss	    dec	    hex	filename
  35204	   1416	  25792	  62412	   f3cc	test.elf
'Finished building: test.elf.size'
' '
14:29:10 **** Auto Build of configuration Debug for project test ****
make pre-build main-build 
a9-linaro-pre-build-step
' '
'Building file: ../src/main.c'
'Invoking: ARM v7 gcc compiler'
arm-none-eabi-gcc -Wall -O0 -g3 -c -fmessage-length=0 -MT"src/main.o" -mcpu=cortex-a9 -mfpu=vfpv3 -mfloat-abi=hard -I../../test_bsp/ps7_cortexa9_0/include -MMD -MP -MF"src/main.d" -MT"src/main.o" -o "src/main.o" "../src/main.c"
../src/main.c: In function 'main':
../src/main.c:24:6: warning: unused variable 'status' [-Wunused-variable]
  int status;
      ^~~~~~
'Finished building: ../src/main.c'
' '
'Building target: test.elf'
'Invoking: ARM v7 gcc linker'
arm-none-eabi-gcc -mcpu=cortex-a9 -mfpu=vfpv3 -mfloat-abi=hard -Wl,-build-id=none -specs=Xilinx.spec -Wl,-T -Wl,../src/lscript.ld -L../../test_bsp/ps7_cortexa9_0/lib -o "test.elf"  ./src/vdma_api/vdma_api.o  ./src/main.o ./src/platform.o   -Wl,--start-group,-lxil,-lgcc,-lc,--end-group
'Finished building target: test.elf'
' '
'Invoking: ARM v7 Print Size'
arm-none-eabi-size test.elf  |tee "test.elf.size"
   text	   data	    bss	    dec	    hex	filename
  35204	   1416	  25792	  62412	   f3cc	test.elf
'Finished building: test.elf.size'
' '
14:29:13 **** Incremental Build of configuration Debug for project test ****
make pre-build main-build 
a9-linaro-pre-build-step
' '
make: Nothing to be done for 'main-build'.
14:31:00 **** Auto Build of configuration Debug for project test ****
make pre-build main-build 
a9-linaro-pre-build-step
' '
'Building file: ../src/main.c'
'Invoking: ARM v7 gcc compiler'
arm-none-eabi-gcc -Wall -O0 -g3 -c -fmessage-length=0 -MT"src/main.o" -mcpu=cortex-a9 -mfpu=vfpv3 -mfloat-abi=hard -I../../test_bsp/ps7_cortexa9_0/include -MMD -MP -MF"src/main.d" -MT"src/main.o" -o "src/main.o" "../src/main.c"
../src/main.c: In function 'main':
../src/main.c:24:6: warning: unused variable 'status' [-Wunused-variable]
  int status;
      ^~~~~~
'Finished building: ../src/main.c'
' '
'Building target: test.elf'
'Invoking: ARM v7 gcc linker'
arm-none-eabi-gcc -mcpu=cortex-a9 -mfpu=vfpv3 -mfloat-abi=hard -Wl,-build-id=none -specs=Xilinx.spec -Wl,-T -Wl,../src/lscript.ld -L../../test_bsp/ps7_cortexa9_0/lib -o "test.elf"  ./src/vdma_api/vdma_api.o  ./src/main.o ./src/platform.o   -Wl,--start-group,-lxil,-lgcc,-lc,--end-group
'Finished building target: test.elf'
' '
'Invoking: ARM v7 Print Size'
arm-none-eabi-size test.elf  |tee "test.elf.size"
   text	   data	    bss	    dec	    hex	filename
  35204	   1416	  25792	  62412	   f3cc	test.elf
'Finished building: test.elf.size'
' '
14:31:06 **** Incremental Build of configuration Debug for project test ****
make pre-build main-build 
a9-linaro-pre-build-step
' '
make: Nothing to be done for 'main-build'.
14:33:19 **** Auto Build of configuration Debug for project test ****
make pre-build main-build 
a9-linaro-pre-build-step
' '
'Building file: ../src/main.c'
'Invoking: ARM v7 gcc compiler'
arm-none-eabi-gcc -Wall -O0 -g3 -c -fmessage-length=0 -MT"src/main.o" -mcpu=cortex-a9 -mfpu=vfpv3 -mfloat-abi=hard -I../../test_bsp/ps7_cortexa9_0/include -MMD -MP -MF"src/main.d" -MT"src/main.o" -o "src/main.o" "../src/main.c"
../src/main.c: In function 'main':
../src/main.c:24:6: warning: unused variable 'status' [-Wunused-variable]
  int status;
      ^~~~~~
'Finished building: ../src/main.c'
' '
'Building target: test.elf'
'Invoking: ARM v7 gcc linker'
arm-none-eabi-gcc -mcpu=cortex-a9 -mfpu=vfpv3 -mfloat-abi=hard -Wl,-build-id=none -specs=Xilinx.spec -Wl,-T -Wl,../src/lscript.ld -L../../test_bsp/ps7_cortexa9_0/lib -o "test.elf"  ./src/vdma_api/vdma_api.o  ./src/main.o ./src/platform.o   -Wl,--start-group,-lxil,-lgcc,-lc,--end-group
'Finished building target: test.elf'
' '
'Invoking: ARM v7 Print Size'
arm-none-eabi-size test.elf  |tee "test.elf.size"
   text	   data	    bss	    dec	    hex	filename
  35204	   1416	  25792	  62412	   f3cc	test.elf
'Finished building: test.elf.size'
' '
14:33:22 **** Incremental Build of configuration Debug for project test ****
make pre-build main-build 
a9-linaro-pre-build-step
' '
make: Nothing to be done for 'main-build'.
14:35:57 **** Auto Build of configuration Debug for project test ****
make pre-build main-build 
a9-linaro-pre-build-step
' '
'Building file: ../src/main.c'
'Invoking: ARM v7 gcc compiler'
arm-none-eabi-gcc -Wall -O0 -g3 -c -fmessage-length=0 -MT"src/main.o" -mcpu=cortex-a9 -mfpu=vfpv3 -mfloat-abi=hard -I../../test_bsp/ps7_cortexa9_0/include -MMD -MP -MF"src/main.d" -MT"src/main.o" -o "src/main.o" "../src/main.c"
../src/main.c: In function 'main':
../src/main.c:24:6: warning: unused variable 'status' [-Wunused-variable]
  int status;
      ^~~~~~
'Finished building: ../src/main.c'
' '
'Building target: test.elf'
'Invoking: ARM v7 gcc linker'
arm-none-eabi-gcc -mcpu=cortex-a9 -mfpu=vfpv3 -mfloat-abi=hard -Wl,-build-id=none -specs=Xilinx.spec -Wl,-T -Wl,../src/lscript.ld -L../../test_bsp/ps7_cortexa9_0/lib -o "test.elf"  ./src/vdma_api/vdma_api.o  ./src/main.o ./src/platform.o   -Wl,--start-group,-lxil,-lgcc,-lc,--end-group
'Finished building target: test.elf'
' '
'Invoking: ARM v7 Print Size'
arm-none-eabi-size test.elf  |tee "test.elf.size"
   text	   data	    bss	    dec	    hex	filename
  35204	   1416	  25792	  62412	   f3cc	test.elf
'Finished building: test.elf.size'
' '
14:36:32 **** Auto Build of configuration Debug for project test ****
make pre-build main-build 
a9-linaro-pre-build-step
' '
'Building file: ../src/main.c'
'Invoking: ARM v7 gcc compiler'
arm-none-eabi-gcc -Wall -O0 -g3 -c -fmessage-length=0 -MT"src/main.o" -mcpu=cortex-a9 -mfpu=vfpv3 -mfloat-abi=hard -I../../test_bsp/ps7_cortexa9_0/include -MMD -MP -MF"src/main.d" -MT"src/main.o" -o "src/main.o" "../src/main.c"
../src/main.c: In function 'main':
../src/main.c:24:6: warning: unused variable 'status' [-Wunused-variable]
  int status;
      ^~~~~~
'Finished building: ../src/main.c'
' '
'Building target: test.elf'
'Invoking: ARM v7 gcc linker'
arm-none-eabi-gcc -mcpu=cortex-a9 -mfpu=vfpv3 -mfloat-abi=hard -Wl,-build-id=none -specs=Xilinx.spec -Wl,-T -Wl,../src/lscript.ld -L../../test_bsp/ps7_cortexa9_0/lib -o "test.elf"  ./src/vdma_api/vdma_api.o  ./src/main.o ./src/platform.o   -Wl,--start-group,-lxil,-lgcc,-lc,--end-group
'Finished building target: test.elf'
' '
'Invoking: ARM v7 Print Size'
arm-none-eabi-size test.elf  |tee "test.elf.size"
   text	   data	    bss	    dec	    hex	filename
  35204	   1416	  25792	  62412	   f3cc	test.elf
'Finished building: test.elf.size'
' '
14:36:34 **** Incremental Build of configuration Debug for project test ****
make pre-build main-build 
a9-linaro-pre-build-step
' '
make: Nothing to be done for 'main-build'.
10:42:59 **** Auto Build of project test_bsp ****
make -k all 
"Running Make include in ps7_cortexa9_0/libsrc/axivdma_v6_6/src"
make -C ps7_cortexa9_0/libsrc/axivdma_v6_6/src -s include  "SHELL=CMD" "COMPILER=arm-none-eabi-gcc" "ARCHIVER=arm-none-eabi-ar" "COMPILER_FLAGS=  -O2 -c" "EXTRA_COMPILER_FLAGS=-mcpu=cortex-a9 -mfpu=vfpv3 -mfloat-abi=hard -nostartfiles -g -Wall -Wextra"
"Running Make include in ps7_cortexa9_0/libsrc/coresightps_dcc_v1_4/src"
make -C ps7_cortexa9_0/libsrc/coresightps_dcc_v1_4/src -s include  "SHELL=CMD" "COMPILER=arm-none-eabi-gcc" "ARCHIVER=arm-none-eabi-ar" "COMPILER_FLAGS=  -O2 -c" "EXTRA_COMPILER_FLAGS=-mcpu=cortex-a9 -mfpu=vfpv3 -mfloat-abi=hard -nostartfiles -g -Wall -Wextra"
"Running Make include in ps7_cortexa9_0/libsrc/cpu_cortexa9_v2_7/src"
make -C ps7_cortexa9_0/libsrc/cpu_cortexa9_v2_7/src -s include  "SHELL=CMD" "COMPILER=arm-none-eabi-gcc" "ARCHIVER=arm-none-eabi-ar" "COMPILER_FLAGS=  -O2 -c" "EXTRA_COMPILER_FLAGS=-mcpu=cortex-a9 -mfpu=vfpv3 -mfloat-abi=hard -nostartfiles -g -Wall -Wextra"
"Running Make include in ps7_cortexa9_0/libsrc/ddrps_v1_0/src"
make -C ps7_cortexa9_0/libsrc/ddrps_v1_0/src -s include  "SHELL=CMD" "COMPILER=arm-none-eabi-gcc" "ARCHIVER=arm-none-eabi-ar" "COMPILER_FLAGS=  -O2 -c" "EXTRA_COMPILER_FLAGS=-mcpu=cortex-a9 -mfpu=vfpv3 -mfloat-abi=hard -nostartfiles -g -Wall -Wextra"
"Running Make include in ps7_cortexa9_0/libsrc/devcfg_v3_5/src"
make -C ps7_cortexa9_0/libsrc/devcfg_v3_5/src -s include  "SHELL=CMD" "COMPILER=arm-none-eabi-gcc" "ARCHIVER=arm-none-eabi-ar" "COMPILER_FLAGS=  -O2 -c" "EXTRA_COMPILER_FLAGS=-mcpu=cortex-a9 -mfpu=vfpv3 -mfloat-abi=hard -nostartfiles -g -Wall -Wextra"
"Running Make include in ps7_cortexa9_0/libsrc/dmaps_v2_4/src"
make -C ps7_cortexa9_0/libsrc/dmaps_v2_4/src -s include  "SHELL=CMD" "COMPILER=arm-none-eabi-gcc" "ARCHIVER=arm-none-eabi-ar" "COMPILER_FLAGS=  -O2 -c" "EXTRA_COMPILER_FLAGS=-mcpu=cortex-a9 -mfpu=vfpv3 -mfloat-abi=hard -nostartfiles -g -Wall -Wextra"
"Running Make include in ps7_cortexa9_0/libsrc/fire_v1_0/src"
make -C ps7_cortexa9_0/libsrc/fire_v1_0/src -s include  "SHELL=CMD" "COMPILER=arm-none-eabi-gcc" "ARCHIVER=arm-none-eabi-ar" "COMPILER_FLAGS=  -O2 -c" "EXTRA_COMPILER_FLAGS=-mcpu=cortex-a9 -mfpu=vfpv3 -mfloat-abi=hard -nostartfiles -g -Wall -Wextra"
"Running Make include in ps7_cortexa9_0/libsrc/qspips_v3_5/src"
make -C ps7_cortexa9_0/libsrc/qspips_v3_5/src -s include  "SHELL=CMD" "COMPILER=arm-none-eabi-gcc" "ARCHIVER=arm-none-eabi-ar" "COMPILER_FLAGS=  -O2 -c" "EXTRA_COMPILER_FLAGS=-mcpu=cortex-a9 -mfpu=vfpv3 -mfloat-abi=hard -nostartfiles -g -Wall -Wextra"
"Running Make include in ps7_cortexa9_0/libsrc/scugic_v3_10/src"
make -C ps7_cortexa9_0/libsrc/scugic_v3_10/src -s include  "SHELL=CMD" "COMPILER=arm-none-eabi-gcc" "ARCHIVER=arm-none-eabi-ar" "COMPILER_FLAGS=  -O2 -c" "EXTRA_COMPILER_FLAGS=-mcpu=cortex-a9 -mfpu=vfpv3 -mfloat-abi=hard -nostartfiles -g -Wall -Wextra"
"Running Make include in ps7_cortexa9_0/libsrc/scutimer_v2_1/src"
make -C ps7_cortexa9_0/libsrc/scutimer_v2_1/src -s include  "SHELL=CMD" "COMPILER=arm-none-eabi-gcc" "ARCHIVER=arm-none-eabi-ar" "COMPILER_FLAGS=  -O2 -c" "EXTRA_COMPILER_FLAGS=-mcpu=cortex-a9 -mfpu=vfpv3 -mfloat-abi=hard -nostartfiles -g -Wall -Wextra"
"Running Make include in ps7_cortexa9_0/libsrc/scuwdt_v2_1/src"
make -C ps7_cortexa9_0/libsrc/scuwdt_v2_1/src -s include  "SHELL=CMD" "COMPILER=arm-none-eabi-gcc" "ARCHIVER=arm-none-eabi-ar" "COMPILER_FLAGS=  -O2 -c" "EXTRA_COMPILER_FLAGS=-mcpu=cortex-a9 -mfpu=vfpv3 -mfloat-abi=hard -nostartfiles -g -Wall -Wextra"
"Running Make include in ps7_cortexa9_0/libsrc/sdps_v3_6/src"
make -C ps7_cortexa9_0/libsrc/sdps_v3_6/src -s include  "SHELL=CMD" "COMPILER=arm-none-eabi-gcc" "ARCHIVER=arm-none-eabi-ar" "COMPILER_FLAGS=  -O2 -c" "EXTRA_COMPILER_FLAGS=-mcpu=cortex-a9 -mfpu=vfpv3 -mfloat-abi=hard -nostartfiles -g -Wall -Wextra"
"Running Make include in ps7_cortexa9_0/libsrc/standalone_v6_8/src"
make -C ps7_cortexa9_0/libsrc/standalone_v6_8/src -s include  "SHELL=CMD" "COMPILER=arm-none-eabi-gcc" "ARCHIVER=arm-none-eabi-ar" "COMPILER_FLAGS=  -O2 -c" "EXTRA_COMPILER_FLAGS=-mcpu=cortex-a9 -mfpu=vfpv3 -mfloat-abi=hard -nostartfiles -g -Wall -Wextra"
"Running Make include in ps7_cortexa9_0/libsrc/uartps_v3_7/src"
make -C ps7_cortexa9_0/libsrc/uartps_v3_7/src -s include  "SHELL=CMD" "COMPILER=arm-none-eabi-gcc" "ARCHIVER=arm-none-eabi-ar" "COMPILER_FLAGS=  -O2 -c" "EXTRA_COMPILER_FLAGS=-mcpu=cortex-a9 -mfpu=vfpv3 -mfloat-abi=hard -nostartfiles -g -Wall -Wextra"
"Running Make include in ps7_cortexa9_0/libsrc/xadcps_v2_3/src"
make -C ps7_cortexa9_0/libsrc/xadcps_v2_3/src -s include  "SHELL=CMD" "COMPILER=arm-none-eabi-gcc" "ARCHIVER=arm-none-eabi-ar" "COMPILER_FLAGS=  -O2 -c" "EXTRA_COMPILER_FLAGS=-mcpu=cortex-a9 -mfpu=vfpv3 -mfloat-abi=hard -nostartfiles -g -Wall -Wextra"
"Running Make include in ps7_cortexa9_0/libsrc/xilffs_v4_0/src"
make -C ps7_cortexa9_0/libsrc/xilffs_v4_0/src -s include  "SHELL=CMD" "COMPILER=arm-none-eabi-gcc" "ARCHIVER=arm-none-eabi-ar" "COMPILER_FLAGS=  -O2 -c" "EXTRA_COMPILER_FLAGS=-mcpu=cortex-a9 -mfpu=vfpv3 -mfloat-abi=hard -nostartfiles -g -Wall -Wextra"
"Running Make libs in ps7_cortexa9_0/libsrc/axivdma_v6_6/src"
make -C ps7_cortexa9_0/libsrc/axivdma_v6_6/src -s libs  "SHELL=CMD" "COMPILER=arm-none-eabi-gcc" "ARCHIVER=arm-none-eabi-ar" "COMPILER_FLAGS=  -O2 -c" "EXTRA_COMPILER_FLAGS=-mcpu=cortex-a9 -mfpu=vfpv3 -mfloat-abi=hard -nostartfiles -g -Wall -Wextra"
"Compiling axivdma"
arm-none-eabi-ar: creating ../../../lib/libxil.a
"Running Make libs in ps7_cortexa9_0/libsrc/coresightps_dcc_v1_4/src"
make -C ps7_cortexa9_0/libsrc/coresightps_dcc_v1_4/src -s libs  "SHELL=CMD" "COMPILER=arm-none-eabi-gcc" "ARCHIVER=arm-none-eabi-ar" "COMPILER_FLAGS=  -O2 -c" "EXTRA_COMPILER_FLAGS=-mcpu=cortex-a9 -mfpu=vfpv3 -mfloat-abi=hard -nostartfiles -g -Wall -Wextra"
"Compiling coresightps_dcc"
"Running Make libs in ps7_cortexa9_0/libsrc/cpu_cortexa9_v2_7/src"
make -C ps7_cortexa9_0/libsrc/cpu_cortexa9_v2_7/src -s libs  "SHELL=CMD" "COMPILER=arm-none-eabi-gcc" "ARCHIVER=arm-none-eabi-ar" "COMPILER_FLAGS=  -O2 -c" "EXTRA_COMPILER_FLAGS=-mcpu=cortex-a9 -mfpu=vfpv3 -mfloat-abi=hard -nostartfiles -g -Wall -Wextra"
"Compiling cpu_cortexa9"
"Running Make libs in ps7_cortexa9_0/libsrc/ddrps_v1_0/src"
make -C ps7_cortexa9_0/libsrc/ddrps_v1_0/src -s libs  "SHELL=CMD" "COMPILER=arm-none-eabi-gcc" "ARCHIVER=arm-none-eabi-ar" "COMPILER_FLAGS=  -O2 -c" "EXTRA_COMPILER_FLAGS=-mcpu=cortex-a9 -mfpu=vfpv3 -mfloat-abi=hard -nostartfiles -g -Wall -Wextra"
"Compiling ddrps"
"Running Make libs in ps7_cortexa9_0/libsrc/devcfg_v3_5/src"
make -C ps7_cortexa9_0/libsrc/devcfg_v3_5/src -s libs  "SHELL=CMD" "COMPILER=arm-none-eabi-gcc" "ARCHIVER=arm-none-eabi-ar" "COMPILER_FLAGS=  -O2 -c" "EXTRA_COMPILER_FLAGS=-mcpu=cortex-a9 -mfpu=vfpv3 -mfloat-abi=hard -nostartfiles -g -Wall -Wextra"
"Compiling devcfg"
"Running Make libs in ps7_cortexa9_0/libsrc/dmaps_v2_4/src"
make -C ps7_cortexa9_0/libsrc/dmaps_v2_4/src -s libs  "SHELL=CMD" "COMPILER=arm-none-eabi-gcc" "ARCHIVER=arm-none-eabi-ar" "COMPILER_FLAGS=  -O2 -c" "EXTRA_COMPILER_FLAGS=-mcpu=cortex-a9 -mfpu=vfpv3 -mfloat-abi=hard -nostartfiles -g -Wall -Wextra"
"Compiling dmaps"
"Running Make libs in ps7_cortexa9_0/libsrc/fire_v1_0/src"
make -C ps7_cortexa9_0/libsrc/fire_v1_0/src -s libs  "SHELL=CMD" "COMPILER=arm-none-eabi-gcc" "ARCHIVER=arm-none-eabi-ar" "COMPILER_FLAGS=  -O2 -c" "EXTRA_COMPILER_FLAGS=-mcpu=cortex-a9 -mfpu=vfpv3 -mfloat-abi=hard -nostartfiles -g -Wall -Wextra"
"Compiling fire"
"Running Make libs in ps7_cortexa9_0/libsrc/qspips_v3_5/src"
make -C ps7_cortexa9_0/libsrc/qspips_v3_5/src -s libs  "SHELL=CMD" "COMPILER=arm-none-eabi-gcc" "ARCHIVER=arm-none-eabi-ar" "COMPILER_FLAGS=  -O2 -c" "EXTRA_COMPILER_FLAGS=-mcpu=cortex-a9 -mfpu=vfpv3 -mfloat-abi=hard -nostartfiles -g -Wall -Wextra"
"Compiling qspips"
"Running Make libs in ps7_cortexa9_0/libsrc/scugic_v3_10/src"
make -C ps7_cortexa9_0/libsrc/scugic_v3_10/src -s libs  "SHELL=CMD" "COMPILER=arm-none-eabi-gcc" "ARCHIVER=arm-none-eabi-ar" "COMPILER_FLAGS=  -O2 -c" "EXTRA_COMPILER_FLAGS=-mcpu=cortex-a9 -mfpu=vfpv3 -mfloat-abi=hard -nostartfiles -g -Wall -Wextra"
"Compiling scugic"
"Running Make libs in ps7_cortexa9_0/libsrc/scutimer_v2_1/src"
make -C ps7_cortexa9_0/libsrc/scutimer_v2_1/src -s libs  "SHELL=CMD" "COMPILER=arm-none-eabi-gcc" "ARCHIVER=arm-none-eabi-ar" "COMPILER_FLAGS=  -O2 -c" "EXTRA_COMPILER_FLAGS=-mcpu=cortex-a9 -mfpu=vfpv3 -mfloat-abi=hard -nostartfiles -g -Wall -Wextra"
"Compiling scutimer"
"Running Make libs in ps7_cortexa9_0/libsrc/scuwdt_v2_1/src"
make -C ps7_cortexa9_0/libsrc/scuwdt_v2_1/src -s libs  "SHELL=CMD" "COMPILER=arm-none-eabi-gcc" "ARCHIVER=arm-none-eabi-ar" "COMPILER_FLAGS=  -O2 -c" "EXTRA_COMPILER_FLAGS=-mcpu=cortex-a9 -mfpu=vfpv3 -mfloat-abi=hard -nostartfiles -g -Wall -Wextra"
"Compiling scuwdt"
"Running Make libs in ps7_cortexa9_0/libsrc/sdps_v3_6/src"
make -C ps7_cortexa9_0/libsrc/sdps_v3_6/src -s libs  "SHELL=CMD" "COMPILER=arm-none-eabi-gcc" "ARCHIVER=arm-none-eabi-ar" "COMPILER_FLAGS=  -O2 -c" "EXTRA_COMPILER_FLAGS=-mcpu=cortex-a9 -mfpu=vfpv3 -mfloat-abi=hard -nostartfiles -g -Wall -Wextra"
"Compiling sdps"
"Running Make libs in ps7_cortexa9_0/libsrc/standalone_v6_8/src"
make -C ps7_cortexa9_0/libsrc/standalone_v6_8/src -s libs  "SHELL=CMD" "COMPILER=arm-none-eabi-gcc" "ARCHIVER=arm-none-eabi-ar" "COMPILER_FLAGS=  -O2 -c" "EXTRA_COMPILER_FLAGS=-mcpu=cortex-a9 -mfpu=vfpv3 -mfloat-abi=hard -nostartfiles -g -Wall -Wextra"
"Compiling standalone"
In file included from usleep.c:56:0:
xtime_l.h:87:9: note: #pragma message: For the sleep routines, Global timer is being used
 #pragma message ("For the sleep routines, Global timer is being used")
         ^~~~~~~
In file included from xil_sleeptimer.c:51:0:
xtime_l.h:87:9: note: #pragma message: For the sleep routines, Global timer is being used
 #pragma message ("For the sleep routines, Global timer is being used")
         ^~~~~~~
In file included from xtime_l.c:49:0:
xtime_l.h:87:9: note: #pragma message: For the sleep routines, Global timer is being used
 #pragma message ("For the sleep routines, Global timer is being used")
         ^~~~~~~
In file included from sleep.c:53:0:
xtime_l.h:87:9: note: #pragma message: For the sleep routines, Global timer is being used
 #pragma message ("For the sleep routines, Global timer is being used")
         ^~~~~~~
"Running Make libs in ps7_cortexa9_0/libsrc/uartps_v3_7/src"
make -C ps7_cortexa9_0/libsrc/uartps_v3_7/src -s libs  "SHELL=CMD" "COMPILER=arm-none-eabi-gcc" "ARCHIVER=arm-none-eabi-ar" "COMPILER_FLAGS=  -O2 -c" "EXTRA_COMPILER_FLAGS=-mcpu=cortex-a9 -mfpu=vfpv3 -mfloat-abi=hard -nostartfiles -g -Wall -Wextra"
"Compiling uartps"
"Running Make libs in ps7_cortexa9_0/libsrc/xadcps_v2_3/src"
make -C ps7_cortexa9_0/libsrc/xadcps_v2_3/src -s libs  "SHELL=CMD" "COMPILER=arm-none-eabi-gcc" "ARCHIVER=arm-none-eabi-ar" "COMPILER_FLAGS=  -O2 -c" "EXTRA_COMPILER_FLAGS=-mcpu=cortex-a9 -mfpu=vfpv3 -mfloat-abi=hard -nostartfiles -g -Wall -Wextra"
"Compiling xadcps"
"Running Make libs in ps7_cortexa9_0/libsrc/xilffs_v4_0/src"
make -C ps7_cortexa9_0/libsrc/xilffs_v4_0/src -s libs  "SHELL=CMD" "COMPILER=arm-none-eabi-gcc" "ARCHIVER=arm-none-eabi-ar" "COMPILER_FLAGS=  -O2 -c" "EXTRA_COMPILER_FLAGS=-mcpu=cortex-a9 -mfpu=vfpv3 -mfloat-abi=hard -nostartfiles -g -Wall -Wextra"
"Compiling XilFFs Library"
'Finished building libraries'
10:43:16 **** Clean-only build of configuration Debug for project test ****
make clean 
rm -rf  ./src/vdma_api/vdma_api.o  ./src/main.o ./src/platform.o  ./src/vdma_api/vdma_api.d  ./src/main.d ./src/platform.d  test.elf.size  test.elf
' '
10:43:16 **** Auto Build of configuration Debug for project test ****
make pre-build main-build 
a9-linaro-pre-build-step
' '
'Building file: ../src/vdma_api/vdma_api.c'
'Invoking: ARM v7 gcc compiler'
arm-none-eabi-gcc -Wall -O0 -g3 -c -fmessage-length=0 -MT"src/vdma_api/vdma_api.o" -mcpu=cortex-a9 -mfpu=vfpv3 -mfloat-abi=hard -I../../test_bsp/ps7_cortexa9_0/include -MMD -MP -MF"src/vdma_api/vdma_api.d" -MT"src/vdma_api/vdma_api.o" -o "src/vdma_api/vdma_api.o" "../src/vdma_api/vdma_api.c"
'Finished building: ../src/vdma_api/vdma_api.c'
' '
'Building file: ../src/main.c'
'Invoking: ARM v7 gcc compiler'
arm-none-eabi-gcc -Wall -O0 -g3 -c -fmessage-length=0 -MT"src/main.o" -mcpu=cortex-a9 -mfpu=vfpv3 -mfloat-abi=hard -I../../test_bsp/ps7_cortexa9_0/include -MMD -MP -MF"src/main.d" -MT"src/main.o" -o "src/main.o" "../src/main.c"
../src/main.c: In function 'main':
../src/main.c:24:6: warning: unused variable 'status' [-Wunused-variable]
  int status;
      ^~~~~~
'Finished building: ../src/main.c'
' '
'Building file: ../src/platform.c'
'Invoking: ARM v7 gcc compiler'
arm-none-eabi-gcc -Wall -O0 -g3 -c -fmessage-length=0 -MT"src/platform.o" -mcpu=cortex-a9 -mfpu=vfpv3 -mfloat-abi=hard -I../../test_bsp/ps7_cortexa9_0/include -MMD -MP -MF"src/platform.d" -MT"src/platform.o" -o "src/platform.o" "../src/platform.c"
'Finished building: ../src/platform.c'
' '
'Building target: test.elf'
'Invoking: ARM v7 gcc linker'
arm-none-eabi-gcc -mcpu=cortex-a9 -mfpu=vfpv3 -mfloat-abi=hard -Wl,-build-id=none -specs=Xilinx.spec -Wl,-T -Wl,../src/lscript.ld -L../../test_bsp/ps7_cortexa9_0/lib -o "test.elf"  ./src/vdma_api/vdma_api.o  ./src/main.o ./src/platform.o   -Wl,--start-group,-lxil,-lgcc,-lc,--end-group -Wl,--start-group,-lxilffs,-lxil,-lgcc,-lc,--end-group
'Finished building target: test.elf'
' '
'Invoking: ARM v7 Print Size'
arm-none-eabi-size test.elf  |tee "test.elf.size"
   text	   data	    bss	    dec	    hex	filename
  35204	   1416	  25792	  62412	   f3cc	test.elf
'Finished building: test.elf.size'
' '
10:43:25 **** Build of configuration Debug for project FSBL ****
make pre-build main-build 
a9-linaro-pre-build-step
' '
'Building file: ../src/fsbl_handoff.S'
'Invoking: ARM v7 gcc compiler'
arm-none-eabi-gcc -Wall -O0 -g3 -I"C:\Users\Lucy\Desktop\zynq_ov5640_hdmi7020\zynq_ov5640_hdmi.sdk\design_1_wrapper_hw_platform_0" -c -fmessage-length=0 -MT"src/fsbl_handoff.o" -mcpu=cortex-a9 -mfpu=vfpv3 -mfloat-abi=hard -I../../test_bsp/ps7_cortexa9_0/include -MMD -MP -MF"src/fsbl_handoff.d" -MT"src/fsbl_handoff.o" -o "src/fsbl_handoff.o" "../src/fsbl_handoff.S"
'Finished building: ../src/fsbl_handoff.S'
' '
'Building file: ../src/fsbl_hooks.c'
'Invoking: ARM v7 gcc compiler'
arm-none-eabi-gcc -Wall -O0 -g3 -I"C:\Users\Lucy\Desktop\zynq_ov5640_hdmi7020\zynq_ov5640_hdmi.sdk\design_1_wrapper_hw_platform_0" -c -fmessage-length=0 -MT"src/fsbl_hooks.o" -mcpu=cortex-a9 -mfpu=vfpv3 -mfloat-abi=hard -I../../test_bsp/ps7_cortexa9_0/include -MMD -MP -MF"src/fsbl_hooks.d" -MT"src/fsbl_hooks.o" -o "src/fsbl_hooks.o" "../src/fsbl_hooks.c"
'Finished building: ../src/fsbl_hooks.c'
' '
'Building file: ../src/image_mover.c'
'Invoking: ARM v7 gcc compiler'
arm-none-eabi-gcc -Wall -O0 -g3 -I"C:\Users\Lucy\Desktop\zynq_ov5640_hdmi7020\zynq_ov5640_hdmi.sdk\design_1_wrapper_hw_platform_0" -c -fmessage-length=0 -MT"src/image_mover.o" -mcpu=cortex-a9 -mfpu=vfpv3 -mfloat-abi=hard -I../../test_bsp/ps7_cortexa9_0/include -MMD -MP -MF"src/image_mover.d" -MT"src/image_mover.o" -o "src/image_mover.o" "../src/image_mover.c"
'Finished building: ../src/image_mover.c'
' '
'Building file: ../src/main.c'
'Invoking: ARM v7 gcc compiler'
arm-none-eabi-gcc -Wall -O0 -g3 -I"C:\Users\Lucy\Desktop\zynq_ov5640_hdmi7020\zynq_ov5640_hdmi.sdk\design_1_wrapper_hw_platform_0" -c -fmessage-length=0 -MT"src/main.o" -mcpu=cortex-a9 -mfpu=vfpv3 -mfloat-abi=hard -I../../test_bsp/ps7_cortexa9_0/include -MMD -MP -MF"src/main.d" -MT"src/main.o" -o "src/main.o" "../src/main.c"
In file included from ../src/main.c:137:0:
../../test_bsp/ps7_cortexa9_0/include/xtime_l.h:87:9: note: #pragma message: For the sleep routines, Global timer is being used
 #pragma message ("For the sleep routines, Global timer is being used")
         ^~~~~~~
'Finished building: ../src/main.c'
' '
'Building file: ../src/md5.c'
'Invoking: ARM v7 gcc compiler'
arm-none-eabi-gcc -Wall -O0 -g3 -I"C:\Users\Lucy\Desktop\zynq_ov5640_hdmi7020\zynq_ov5640_hdmi.sdk\design_1_wrapper_hw_platform_0" -c -fmessage-length=0 -MT"src/md5.o" -mcpu=cortex-a9 -mfpu=vfpv3 -mfloat-abi=hard -I../../test_bsp/ps7_cortexa9_0/include -MMD -MP -MF"src/md5.d" -MT"src/md5.o" -o "src/md5.o" "../src/md5.c"
'Finished building: ../src/md5.c'
' '
'Building file: ../src/nand.c'
'Invoking: ARM v7 gcc compiler'
arm-none-eabi-gcc -Wall -O0 -g3 -I"C:\Users\Lucy\Desktop\zynq_ov5640_hdmi7020\zynq_ov5640_hdmi.sdk\design_1_wrapper_hw_platform_0" -c -fmessage-length=0 -MT"src/nand.o" -mcpu=cortex-a9 -mfpu=vfpv3 -mfloat-abi=hard -I../../test_bsp/ps7_cortexa9_0/include -MMD -MP -MF"src/nand.d" -MT"src/nand.o" -o "src/nand.o" "../src/nand.c"
'Finished building: ../src/nand.c'
' '
'Building file: ../src/nor.c'
'Invoking: ARM v7 gcc compiler'
arm-none-eabi-gcc -Wall -O0 -g3 -I"C:\Users\Lucy\Desktop\zynq_ov5640_hdmi7020\zynq_ov5640_hdmi.sdk\design_1_wrapper_hw_platform_0" -c -fmessage-length=0 -MT"src/nor.o" -mcpu=cortex-a9 -mfpu=vfpv3 -mfloat-abi=hard -I../../test_bsp/ps7_cortexa9_0/include -MMD -MP -MF"src/nor.d" -MT"src/nor.o" -o "src/nor.o" "../src/nor.c"
'Finished building: ../src/nor.c'
' '
'Building file: ../src/pcap.c'
'Invoking: ARM v7 gcc compiler'
arm-none-eabi-gcc -Wall -O0 -g3 -I"C:\Users\Lucy\Desktop\zynq_ov5640_hdmi7020\zynq_ov5640_hdmi.sdk\design_1_wrapper_hw_platform_0" -c -fmessage-length=0 -MT"src/pcap.o" -mcpu=cortex-a9 -mfpu=vfpv3 -mfloat-abi=hard -I../../test_bsp/ps7_cortexa9_0/include -MMD -MP -MF"src/pcap.d" -MT"src/pcap.o" -o "src/pcap.o" "../src/pcap.c"
In file included from ../src/pcap.c:100:0:
../../test_bsp/ps7_cortexa9_0/include/xtime_l.h:87:9: note: #pragma message: For the sleep routines, Global timer is being used
 #pragma message ("For the sleep routines, Global timer is being used")
         ^~~~~~~
'Finished building: ../src/pcap.c'
' '
'Building file: C:/Users/Lucy/Desktop/zynq_ov5640_hdmi7020/zynq_ov5640_hdmi.sdk/design_1_wrapper_hw_platform_0/ps7_init.c'
'Invoking: ARM v7 gcc compiler'
arm-none-eabi-gcc -Wall -O0 -g3 -I"C:\Users\Lucy\Desktop\zynq_ov5640_hdmi7020\zynq_ov5640_hdmi.sdk\design_1_wrapper_hw_platform_0" -c -fmessage-length=0 -MT"src/ps7_init.o" -mcpu=cortex-a9 -mfpu=vfpv3 -mfloat-abi=hard -I../../test_bsp/ps7_cortexa9_0/include -MMD -MP -MF"src/ps7_init.d" -MT"src/ps7_init.o" -o "src/ps7_init.o" "C:/Users/Lucy/Desktop/zynq_ov5640_hdmi7020/zynq_ov5640_hdmi.sdk/design_1_wrapper_hw_platform_0/ps7_init.c"
'Finished building: C:/Users/Lucy/Desktop/zynq_ov5640_hdmi7020/zynq_ov5640_hdmi.sdk/design_1_wrapper_hw_platform_0/ps7_init.c'
' '
'Building file: ../src/qspi.c'
'Invoking: ARM v7 gcc compiler'
arm-none-eabi-gcc -Wall -O0 -g3 -I"C:\Users\Lucy\Desktop\zynq_ov5640_hdmi7020\zynq_ov5640_hdmi.sdk\design_1_wrapper_hw_platform_0" -c -fmessage-length=0 -MT"src/qspi.o" -mcpu=cortex-a9 -mfpu=vfpv3 -mfloat-abi=hard -I../../test_bsp/ps7_cortexa9_0/include -MMD -MP -MF"src/qspi.d" -MT"src/qspi.o" -o "src/qspi.o" "../src/qspi.c"
'Finished building: ../src/qspi.c'
' '
'Building file: ../src/rsa.c'
'Invoking: ARM v7 gcc compiler'
arm-none-eabi-gcc -Wall -O0 -g3 -I"C:\Users\Lucy\Desktop\zynq_ov5640_hdmi7020\zynq_ov5640_hdmi.sdk\design_1_wrapper_hw_platform_0" -c -fmessage-length=0 -MT"src/rsa.o" -mcpu=cortex-a9 -mfpu=vfpv3 -mfloat-abi=hard -I../../test_bsp/ps7_cortexa9_0/include -MMD -MP -MF"src/rsa.d" -MT"src/rsa.o" -o "src/rsa.o" "../src/rsa.c"
'Finished building: ../src/rsa.c'
' '
'Building file: ../src/sd.c'
'Invoking: ARM v7 gcc compiler'
arm-none-eabi-gcc -Wall -O0 -g3 -I"C:\Users\Lucy\Desktop\zynq_ov5640_hdmi7020\zynq_ov5640_hdmi.sdk\design_1_wrapper_hw_platform_0" -c -fmessage-length=0 -MT"src/sd.o" -mcpu=cortex-a9 -mfpu=vfpv3 -mfloat-abi=hard -I../../test_bsp/ps7_cortexa9_0/include -MMD -MP -MF"src/sd.d" -MT"src/sd.o" -o "src/sd.o" "../src/sd.c"
'Finished building: ../src/sd.c'
' '
'Building target: FSBL.elf'
'Invoking: ARM v7 gcc linker'
arm-none-eabi-gcc -mcpu=cortex-a9 -mfpu=vfpv3 -mfloat-abi=hard -Wl,-build-id=none -specs=Xilinx.spec -Wl,-T -Wl,../src/lscript.ld -L../../test_bsp/ps7_cortexa9_0/lib -o "FSBL.elf"  ./src/fsbl_handoff.o ./src/fsbl_hooks.o ./src/image_mover.o ./src/main.o ./src/md5.o ./src/nand.o ./src/nor.o ./src/pcap.o ./src/ps7_init.o ./src/qspi.o ./src/rsa.o ./src/sd.o   -Wl,--start-group,-lxil,-lgcc,-lc,--end-group -Wl,--start-group,-lxilffs,-lxil,-lgcc,-lc,--end-group
'Finished building target: FSBL.elf'
' '
'Invoking: ARM v7 Print Size'
arm-none-eabi-size FSBL.elf  |tee "FSBL.elf.size"
   text	   data	    bss	    dec	    hex	filename
  81468	   9248	  74712	 165428	  28634	FSBL.elf
'Finished building: FSBL.elf.size'
' '
10:44:31 **** Auto Build of configuration Debug for project test ****
make pre-build main-build 
a9-linaro-pre-build-step
' '
make: Nothing to be done for 'main-build'.
09:39:16 **** Build of project test_bsp ****
make -k all 
"Running Make include in ps7_cortexa9_0/libsrc/axivdma_v6_6/src"
make -C ps7_cortexa9_0/libsrc/axivdma_v6_6/src -s include  "SHELL=CMD" "COMPILER=arm-none-eabi-gcc" "ARCHIVER=arm-none-eabi-ar" "COMPILER_FLAGS=  -O2 -c" "EXTRA_COMPILER_FLAGS=-mcpu=cortex-a9 -mfpu=vfpv3 -mfloat-abi=hard -nostartfiles -g -Wall -Wextra"
"Running Make include in ps7_cortexa9_0/libsrc/coresightps_dcc_v1_4/src"
make -C ps7_cortexa9_0/libsrc/coresightps_dcc_v1_4/src -s include  "SHELL=CMD" "COMPILER=arm-none-eabi-gcc" "ARCHIVER=arm-none-eabi-ar" "COMPILER_FLAGS=  -O2 -c" "EXTRA_COMPILER_FLAGS=-mcpu=cortex-a9 -mfpu=vfpv3 -mfloat-abi=hard -nostartfiles -g -Wall -Wextra"
"Running Make include in ps7_cortexa9_0/libsrc/cpu_cortexa9_v2_7/src"
make -C ps7_cortexa9_0/libsrc/cpu_cortexa9_v2_7/src -s include  "SHELL=CMD" "COMPILER=arm-none-eabi-gcc" "ARCHIVER=arm-none-eabi-ar" "COMPILER_FLAGS=  -O2 -c" "EXTRA_COMPILER_FLAGS=-mcpu=cortex-a9 -mfpu=vfpv3 -mfloat-abi=hard -nostartfiles -g -Wall -Wextra"
"Running Make include in ps7_cortexa9_0/libsrc/ddrps_v1_0/src"
make -C ps7_cortexa9_0/libsrc/ddrps_v1_0/src -s include  "SHELL=CMD" "COMPILER=arm-none-eabi-gcc" "ARCHIVER=arm-none-eabi-ar" "COMPILER_FLAGS=  -O2 -c" "EXTRA_COMPILER_FLAGS=-mcpu=cortex-a9 -mfpu=vfpv3 -mfloat-abi=hard -nostartfiles -g -Wall -Wextra"
"Running Make include in ps7_cortexa9_0/libsrc/devcfg_v3_5/src"
make -C ps7_cortexa9_0/libsrc/devcfg_v3_5/src -s include  "SHELL=CMD" "COMPILER=arm-none-eabi-gcc" "ARCHIVER=arm-none-eabi-ar" "COMPILER_FLAGS=  -O2 -c" "EXTRA_COMPILER_FLAGS=-mcpu=cortex-a9 -mfpu=vfpv3 -mfloat-abi=hard -nostartfiles -g -Wall -Wextra"
"Running Make include in ps7_cortexa9_0/libsrc/dmaps_v2_4/src"
make -C ps7_cortexa9_0/libsrc/dmaps_v2_4/src -s include  "SHELL=CMD" "COMPILER=arm-none-eabi-gcc" "ARCHIVER=arm-none-eabi-ar" "COMPILER_FLAGS=  -O2 -c" "EXTRA_COMPILER_FLAGS=-mcpu=cortex-a9 -mfpu=vfpv3 -mfloat-abi=hard -nostartfiles -g -Wall -Wextra"
"Running Make include in ps7_cortexa9_0/libsrc/fire_v1_0/src"
make -C ps7_cortexa9_0/libsrc/fire_v1_0/src -s include  "SHELL=CMD" "COMPILER=arm-none-eabi-gcc" "ARCHIVER=arm-none-eabi-ar" "COMPILER_FLAGS=  -O2 -c" "EXTRA_COMPILER_FLAGS=-mcpu=cortex-a9 -mfpu=vfpv3 -mfloat-abi=hard -nostartfiles -g -Wall -Wextra"
"Running Make include in ps7_cortexa9_0/libsrc/qspips_v3_5/src"
make -C ps7_cortexa9_0/libsrc/qspips_v3_5/src -s include  "SHELL=CMD" "COMPILER=arm-none-eabi-gcc" "ARCHIVER=arm-none-eabi-ar" "COMPILER_FLAGS=  -O2 -c" "EXTRA_COMPILER_FLAGS=-mcpu=cortex-a9 -mfpu=vfpv3 -mfloat-abi=hard -nostartfiles -g -Wall -Wextra"
"Running Make include in ps7_cortexa9_0/libsrc/scugic_v3_10/src"
make -C ps7_cortexa9_0/libsrc/scugic_v3_10/src -s include  "SHELL=CMD" "COMPILER=arm-none-eabi-gcc" "ARCHIVER=arm-none-eabi-ar" "COMPILER_FLAGS=  -O2 -c" "EXTRA_COMPILER_FLAGS=-mcpu=cortex-a9 -mfpu=vfpv3 -mfloat-abi=hard -nostartfiles -g -Wall -Wextra"
"Running Make include in ps7_cortexa9_0/libsrc/scutimer_v2_1/src"
make -C ps7_cortexa9_0/libsrc/scutimer_v2_1/src -s include  "SHELL=CMD" "COMPILER=arm-none-eabi-gcc" "ARCHIVER=arm-none-eabi-ar" "COMPILER_FLAGS=  -O2 -c" "EXTRA_COMPILER_FLAGS=-mcpu=cortex-a9 -mfpu=vfpv3 -mfloat-abi=hard -nostartfiles -g -Wall -Wextra"
"Running Make include in ps7_cortexa9_0/libsrc/scuwdt_v2_1/src"
make -C ps7_cortexa9_0/libsrc/scuwdt_v2_1/src -s include  "SHELL=CMD" "COMPILER=arm-none-eabi-gcc" "ARCHIVER=arm-none-eabi-ar" "COMPILER_FLAGS=  -O2 -c" "EXTRA_COMPILER_FLAGS=-mcpu=cortex-a9 -mfpu=vfpv3 -mfloat-abi=hard -nostartfiles -g -Wall -Wextra"
"Running Make include in ps7_cortexa9_0/libsrc/sdps_v3_6/src"
make -C ps7_cortexa9_0/libsrc/sdps_v3_6/src -s include  "SHELL=CMD" "COMPILER=arm-none-eabi-gcc" "ARCHIVER=arm-none-eabi-ar" "COMPILER_FLAGS=  -O2 -c" "EXTRA_COMPILER_FLAGS=-mcpu=cortex-a9 -mfpu=vfpv3 -mfloat-abi=hard -nostartfiles -g -Wall -Wextra"
"Running Make include in ps7_cortexa9_0/libsrc/standalone_v6_8/src"
make -C ps7_cortexa9_0/libsrc/standalone_v6_8/src -s include  "SHELL=CMD" "COMPILER=arm-none-eabi-gcc" "ARCHIVER=arm-none-eabi-ar" "COMPILER_FLAGS=  -O2 -c" "EXTRA_COMPILER_FLAGS=-mcpu=cortex-a9 -mfpu=vfpv3 -mfloat-abi=hard -nostartfiles -g -Wall -Wextra"
"Running Make include in ps7_cortexa9_0/libsrc/uartps_v3_7/src"
make -C ps7_cortexa9_0/libsrc/uartps_v3_7/src -s include  "SHELL=CMD" "COMPILER=arm-none-eabi-gcc" "ARCHIVER=arm-none-eabi-ar" "COMPILER_FLAGS=  -O2 -c" "EXTRA_COMPILER_FLAGS=-mcpu=cortex-a9 -mfpu=vfpv3 -mfloat-abi=hard -nostartfiles -g -Wall -Wextra"
"Running Make include in ps7_cortexa9_0/libsrc/xadcps_v2_3/src"
make -C ps7_cortexa9_0/libsrc/xadcps_v2_3/src -s include  "SHELL=CMD" "COMPILER=arm-none-eabi-gcc" "ARCHIVER=arm-none-eabi-ar" "COMPILER_FLAGS=  -O2 -c" "EXTRA_COMPILER_FLAGS=-mcpu=cortex-a9 -mfpu=vfpv3 -mfloat-abi=hard -nostartfiles -g -Wall -Wextra"
"Running Make include in ps7_cortexa9_0/libsrc/xilffs_v4_0/src"
make -C ps7_cortexa9_0/libsrc/xilffs_v4_0/src -s include  "SHELL=CMD" "COMPILER=arm-none-eabi-gcc" "ARCHIVER=arm-none-eabi-ar" "COMPILER_FLAGS=  -O2 -c" "EXTRA_COMPILER_FLAGS=-mcpu=cortex-a9 -mfpu=vfpv3 -mfloat-abi=hard -nostartfiles -g -Wall -Wextra"
"Running Make libs in ps7_cortexa9_0/libsrc/axivdma_v6_6/src"
make -C ps7_cortexa9_0/libsrc/axivdma_v6_6/src -s libs  "SHELL=CMD" "COMPILER=arm-none-eabi-gcc" "ARCHIVER=arm-none-eabi-ar" "COMPILER_FLAGS=  -O2 -c" "EXTRA_COMPILER_FLAGS=-mcpu=cortex-a9 -mfpu=vfpv3 -mfloat-abi=hard -nostartfiles -g -Wall -Wextra"
"Compiling axivdma"
"Running Make libs in ps7_cortexa9_0/libsrc/coresightps_dcc_v1_4/src"
make -C ps7_cortexa9_0/libsrc/coresightps_dcc_v1_4/src -s libs  "SHELL=CMD" "COMPILER=arm-none-eabi-gcc" "ARCHIVER=arm-none-eabi-ar" "COMPILER_FLAGS=  -O2 -c" "EXTRA_COMPILER_FLAGS=-mcpu=cortex-a9 -mfpu=vfpv3 -mfloat-abi=hard -nostartfiles -g -Wall -Wextra"
"Compiling coresightps_dcc"
"Running Make libs in ps7_cortexa9_0/libsrc/cpu_cortexa9_v2_7/src"
make -C ps7_cortexa9_0/libsrc/cpu_cortexa9_v2_7/src -s libs  "SHELL=CMD" "COMPILER=arm-none-eabi-gcc" "ARCHIVER=arm-none-eabi-ar" "COMPILER_FLAGS=  -O2 -c" "EXTRA_COMPILER_FLAGS=-mcpu=cortex-a9 -mfpu=vfpv3 -mfloat-abi=hard -nostartfiles -g -Wall -Wextra"
"Compiling cpu_cortexa9"
"Running Make libs in ps7_cortexa9_0/libsrc/ddrps_v1_0/src"
make -C ps7_cortexa9_0/libsrc/ddrps_v1_0/src -s libs  "SHELL=CMD" "COMPILER=arm-none-eabi-gcc" "ARCHIVER=arm-none-eabi-ar" "COMPILER_FLAGS=  -O2 -c" "EXTRA_COMPILER_FLAGS=-mcpu=cortex-a9 -mfpu=vfpv3 -mfloat-abi=hard -nostartfiles -g -Wall -Wextra"
"Compiling ddrps"
"Running Make libs in ps7_cortexa9_0/libsrc/devcfg_v3_5/src"
make -C ps7_cortexa9_0/libsrc/devcfg_v3_5/src -s libs  "SHELL=CMD" "COMPILER=arm-none-eabi-gcc" "ARCHIVER=arm-none-eabi-ar" "COMPILER_FLAGS=  -O2 -c" "EXTRA_COMPILER_FLAGS=-mcpu=cortex-a9 -mfpu=vfpv3 -mfloat-abi=hard -nostartfiles -g -Wall -Wextra"
"Compiling devcfg"
"Running Make libs in ps7_cortexa9_0/libsrc/dmaps_v2_4/src"
make -C ps7_cortexa9_0/libsrc/dmaps_v2_4/src -s libs  "SHELL=CMD" "COMPILER=arm-none-eabi-gcc" "ARCHIVER=arm-none-eabi-ar" "COMPILER_FLAGS=  -O2 -c" "EXTRA_COMPILER_FLAGS=-mcpu=cortex-a9 -mfpu=vfpv3 -mfloat-abi=hard -nostartfiles -g -Wall -Wextra"
"Compiling dmaps"
"Running Make libs in ps7_cortexa9_0/libsrc/fire_v1_0/src"
make -C ps7_cortexa9_0/libsrc/fire_v1_0/src -s libs  "SHELL=CMD" "COMPILER=arm-none-eabi-gcc" "ARCHIVER=arm-none-eabi-ar" "COMPILER_FLAGS=  -O2 -c" "EXTRA_COMPILER_FLAGS=-mcpu=cortex-a9 -mfpu=vfpv3 -mfloat-abi=hard -nostartfiles -g -Wall -Wextra"
"Compiling fire"
"Running Make libs in ps7_cortexa9_0/libsrc/qspips_v3_5/src"
make -C ps7_cortexa9_0/libsrc/qspips_v3_5/src -s libs  "SHELL=CMD" "COMPILER=arm-none-eabi-gcc" "ARCHIVER=arm-none-eabi-ar" "COMPILER_FLAGS=  -O2 -c" "EXTRA_COMPILER_FLAGS=-mcpu=cortex-a9 -mfpu=vfpv3 -mfloat-abi=hard -nostartfiles -g -Wall -Wextra"
"Compiling qspips"
"Running Make libs in ps7_cortexa9_0/libsrc/scugic_v3_10/src"
make -C ps7_cortexa9_0/libsrc/scugic_v3_10/src -s libs  "SHELL=CMD" "COMPILER=arm-none-eabi-gcc" "ARCHIVER=arm-none-eabi-ar" "COMPILER_FLAGS=  -O2 -c" "EXTRA_COMPILER_FLAGS=-mcpu=cortex-a9 -mfpu=vfpv3 -mfloat-abi=hard -nostartfiles -g -Wall -Wextra"
"Compiling scugic"
"Running Make libs in ps7_cortexa9_0/libsrc/scutimer_v2_1/src"
make -C ps7_cortexa9_0/libsrc/scutimer_v2_1/src -s libs  "SHELL=CMD" "COMPILER=arm-none-eabi-gcc" "ARCHIVER=arm-none-eabi-ar" "COMPILER_FLAGS=  -O2 -c" "EXTRA_COMPILER_FLAGS=-mcpu=cortex-a9 -mfpu=vfpv3 -mfloat-abi=hard -nostartfiles -g -Wall -Wextra"
"Compiling scutimer"
"Running Make libs in ps7_cortexa9_0/libsrc/scuwdt_v2_1/src"
make -C ps7_cortexa9_0/libsrc/scuwdt_v2_1/src -s libs  "SHELL=CMD" "COMPILER=arm-none-eabi-gcc" "ARCHIVER=arm-none-eabi-ar" "COMPILER_FLAGS=  -O2 -c" "EXTRA_COMPILER_FLAGS=-mcpu=cortex-a9 -mfpu=vfpv3 -mfloat-abi=hard -nostartfiles -g -Wall -Wextra"
"Compiling scuwdt"
"Running Make libs in ps7_cortexa9_0/libsrc/sdps_v3_6/src"
make -C ps7_cortexa9_0/libsrc/sdps_v3_6/src -s libs  "SHELL=CMD" "COMPILER=arm-none-eabi-gcc" "ARCHIVER=arm-none-eabi-ar" "COMPILER_FLAGS=  -O2 -c" "EXTRA_COMPILER_FLAGS=-mcpu=cortex-a9 -mfpu=vfpv3 -mfloat-abi=hard -nostartfiles -g -Wall -Wextra"
"Compiling sdps"
"Running Make libs in ps7_cortexa9_0/libsrc/standalone_v6_8/src"
make -C ps7_cortexa9_0/libsrc/standalone_v6_8/src -s libs  "SHELL=CMD" "COMPILER=arm-none-eabi-gcc" "ARCHIVER=arm-none-eabi-ar" "COMPILER_FLAGS=  -O2 -c" "EXTRA_COMPILER_FLAGS=-mcpu=cortex-a9 -mfpu=vfpv3 -mfloat-abi=hard -nostartfiles -g -Wall -Wextra"
"Compiling standalone"
In file included from usleep.c:56:0:
xtime_l.h:87:9: note: #pragma message: For the sleep routines, Global timer is being used
 #pragma message ("For the sleep routines, Global timer is being used")
         ^~~~~~~
In file included from sleep.c:53:0:
xtime_l.h:87:9: note: #pragma message: For the sleep routines, Global timer is being used
 #pragma message ("For the sleep routines, Global timer is being used")
         ^~~~~~~
In file included from xil_sleeptimer.c:51:0:
xtime_l.h:87:9: note: #pragma message: For the sleep routines, Global timer is being used
 #pragma message ("For the sleep routines, Global timer is being used")
         ^~~~~~~
In file included from xtime_l.c:49:0:
xtime_l.h:87:9: note: #pragma message: For the sleep routines, Global timer is being used
 #pragma message ("For the sleep routines, Global timer is being used")
         ^~~~~~~
"Running Make libs in ps7_cortexa9_0/libsrc/uartps_v3_7/src"
make -C ps7_cortexa9_0/libsrc/uartps_v3_7/src -s libs  "SHELL=CMD" "COMPILER=arm-none-eabi-gcc" "ARCHIVER=arm-none-eabi-ar" "COMPILER_FLAGS=  -O2 -c" "EXTRA_COMPILER_FLAGS=-mcpu=cortex-a9 -mfpu=vfpv3 -mfloat-abi=hard -nostartfiles -g -Wall -Wextra"
"Compiling uartps"
"Running Make libs in ps7_cortexa9_0/libsrc/xadcps_v2_3/src"
make -C ps7_cortexa9_0/libsrc/xadcps_v2_3/src -s libs  "SHELL=CMD" "COMPILER=arm-none-eabi-gcc" "ARCHIVER=arm-none-eabi-ar" "COMPILER_FLAGS=  -O2 -c" "EXTRA_COMPILER_FLAGS=-mcpu=cortex-a9 -mfpu=vfpv3 -mfloat-abi=hard -nostartfiles -g -Wall -Wextra"
"Compiling xadcps"
"Running Make libs in ps7_cortexa9_0/libsrc/xilffs_v4_0/src"
make -C ps7_cortexa9_0/libsrc/xilffs_v4_0/src -s libs  "SHELL=CMD" "COMPILER=arm-none-eabi-gcc" "ARCHIVER=arm-none-eabi-ar" "COMPILER_FLAGS=  -O2 -c" "EXTRA_COMPILER_FLAGS=-mcpu=cortex-a9 -mfpu=vfpv3 -mfloat-abi=hard -nostartfiles -g -Wall -Wextra"
"Compiling XilFFs Library"
'Finished building libraries'
09:39:34 **** Build of configuration Debug for project test ****
make pre-build main-build 
a9-linaro-pre-build-step
' '
'Building file: ../src/vdma_api/vdma_api.c'
'Invoking: ARM v7 gcc compiler'
arm-none-eabi-gcc -Wall -O0 -g3 -c -fmessage-length=0 -MT"src/vdma_api/vdma_api.o" -mcpu=cortex-a9 -mfpu=vfpv3 -mfloat-abi=hard -I../../test_bsp/ps7_cortexa9_0/include -MMD -MP -MF"src/vdma_api/vdma_api.d" -MT"src/vdma_api/vdma_api.o" -o "src/vdma_api/vdma_api.o" "../src/vdma_api/vdma_api.c"
'Finished building: ../src/vdma_api/vdma_api.c'
' '
'Building file: ../src/main.c'
'Invoking: ARM v7 gcc compiler'
arm-none-eabi-gcc -Wall -O0 -g3 -c -fmessage-length=0 -MT"src/main.o" -mcpu=cortex-a9 -mfpu=vfpv3 -mfloat-abi=hard -I../../test_bsp/ps7_cortexa9_0/include -MMD -MP -MF"src/main.d" -MT"src/main.o" -o "src/main.o" "../src/main.c"
../src/main.c: In function 'main':
../src/main.c:24:6: warning: unused variable 'status' [-Wunused-variable]
  int status;
      ^~~~~~
'Finished building: ../src/main.c'
' '
'Building file: ../src/platform.c'
'Invoking: ARM v7 gcc compiler'
arm-none-eabi-gcc -Wall -O0 -g3 -c -fmessage-length=0 -MT"src/platform.o" -mcpu=cortex-a9 -mfpu=vfpv3 -mfloat-abi=hard -I../../test_bsp/ps7_cortexa9_0/include -MMD -MP -MF"src/platform.d" -MT"src/platform.o" -o "src/platform.o" "../src/platform.c"
'Finished building: ../src/platform.c'
' '
'Building target: test.elf'
'Invoking: ARM v7 gcc linker'
arm-none-eabi-gcc -mcpu=cortex-a9 -mfpu=vfpv3 -mfloat-abi=hard -Wl,-build-id=none -specs=Xilinx.spec -Wl,-T -Wl,../src/lscript.ld -L../../test_bsp/ps7_cortexa9_0/lib -o "test.elf"  ./src/vdma_api/vdma_api.o  ./src/main.o ./src/platform.o   -Wl,--start-group,-lxil,-lgcc,-lc,--end-group
'Finished building target: test.elf'
' '
'Invoking: ARM v7 Print Size'
arm-none-eabi-size test.elf  |tee "test.elf.size"
   text	   data	    bss	    dec	    hex	filename
  35204	   1416	  25792	  62412	   f3cc	test.elf
'Finished building: test.elf.size'
' '
09:39:35 **** Clean-only build of configuration Debug for project FSBL ****
make clean 
rm -rf  ./src/fsbl_handoff.o ./src/fsbl_hooks.o ./src/image_mover.o ./src/main.o ./src/md5.o ./src/nand.o ./src/nor.o ./src/pcap.o ./src/ps7_init.o ./src/qspi.o ./src/rsa.o ./src/sd.o  ./src/fsbl_handoff.d  ./src/fsbl_hooks.d ./src/image_mover.d ./src/main.d ./src/md5.d ./src/nand.d ./src/nor.d ./src/pcap.d ./src/ps7_init.d ./src/qspi.d ./src/rsa.d ./src/sd.d  FSBL.elf.size  FSBL.elf
' '
09:39:36 **** Build of configuration Debug for project FSBL ****
make pre-build main-build 
a9-linaro-pre-build-step
' '
'Building file: ../src/fsbl_handoff.S'
'Invoking: ARM v7 gcc compiler'
arm-none-eabi-gcc -Wall -O0 -g3 -I"C:\Users\Lucy\Desktop\zynq_ov5640_hdmi7020\zynq_ov5640_hdmi.sdk\design_1_wrapper_hw_platform_0" -c -fmessage-length=0 -MT"src/fsbl_handoff.o" -mcpu=cortex-a9 -mfpu=vfpv3 -mfloat-abi=hard -I../../test_bsp/ps7_cortexa9_0/include -MMD -MP -MF"src/fsbl_handoff.d" -MT"src/fsbl_handoff.o" -o "src/fsbl_handoff.o" "../src/fsbl_handoff.S"
'Finished building: ../src/fsbl_handoff.S'
' '
'Building file: ../src/fsbl_hooks.c'
'Invoking: ARM v7 gcc compiler'
arm-none-eabi-gcc -Wall -O0 -g3 -I"C:\Users\Lucy\Desktop\zynq_ov5640_hdmi7020\zynq_ov5640_hdmi.sdk\design_1_wrapper_hw_platform_0" -c -fmessage-length=0 -MT"src/fsbl_hooks.o" -mcpu=cortex-a9 -mfpu=vfpv3 -mfloat-abi=hard -I../../test_bsp/ps7_cortexa9_0/include -MMD -MP -MF"src/fsbl_hooks.d" -MT"src/fsbl_hooks.o" -o "src/fsbl_hooks.o" "../src/fsbl_hooks.c"
'Finished building: ../src/fsbl_hooks.c'
' '
'Building file: ../src/image_mover.c'
'Invoking: ARM v7 gcc compiler'
arm-none-eabi-gcc -Wall -O0 -g3 -I"C:\Users\Lucy\Desktop\zynq_ov5640_hdmi7020\zynq_ov5640_hdmi.sdk\design_1_wrapper_hw_platform_0" -c -fmessage-length=0 -MT"src/image_mover.o" -mcpu=cortex-a9 -mfpu=vfpv3 -mfloat-abi=hard -I../../test_bsp/ps7_cortexa9_0/include -MMD -MP -MF"src/image_mover.d" -MT"src/image_mover.o" -o "src/image_mover.o" "../src/image_mover.c"
'Finished building: ../src/image_mover.c'
' '
'Building file: ../src/main.c'
'Invoking: ARM v7 gcc compiler'
arm-none-eabi-gcc -Wall -O0 -g3 -I"C:\Users\Lucy\Desktop\zynq_ov5640_hdmi7020\zynq_ov5640_hdmi.sdk\design_1_wrapper_hw_platform_0" -c -fmessage-length=0 -MT"src/main.o" -mcpu=cortex-a9 -mfpu=vfpv3 -mfloat-abi=hard -I../../test_bsp/ps7_cortexa9_0/include -MMD -MP -MF"src/main.d" -MT"src/main.o" -o "src/main.o" "../src/main.c"
In file included from ../src/main.c:137:0:
../../test_bsp/ps7_cortexa9_0/include/xtime_l.h:87:9: note: #pragma message: For the sleep routines, Global timer is being used
 #pragma message ("For the sleep routines, Global timer is being used")
         ^~~~~~~
'Finished building: ../src/main.c'
' '
'Building file: ../src/md5.c'
'Invoking: ARM v7 gcc compiler'
arm-none-eabi-gcc -Wall -O0 -g3 -I"C:\Users\Lucy\Desktop\zynq_ov5640_hdmi7020\zynq_ov5640_hdmi.sdk\design_1_wrapper_hw_platform_0" -c -fmessage-length=0 -MT"src/md5.o" -mcpu=cortex-a9 -mfpu=vfpv3 -mfloat-abi=hard -I../../test_bsp/ps7_cortexa9_0/include -MMD -MP -MF"src/md5.d" -MT"src/md5.o" -o "src/md5.o" "../src/md5.c"
'Finished building: ../src/md5.c'
' '
'Building file: ../src/nand.c'
'Invoking: ARM v7 gcc compiler'
arm-none-eabi-gcc -Wall -O0 -g3 -I"C:\Users\Lucy\Desktop\zynq_ov5640_hdmi7020\zynq_ov5640_hdmi.sdk\design_1_wrapper_hw_platform_0" -c -fmessage-length=0 -MT"src/nand.o" -mcpu=cortex-a9 -mfpu=vfpv3 -mfloat-abi=hard -I../../test_bsp/ps7_cortexa9_0/include -MMD -MP -MF"src/nand.d" -MT"src/nand.o" -o "src/nand.o" "../src/nand.c"
'Finished building: ../src/nand.c'
' '
'Building file: ../src/nor.c'
'Invoking: ARM v7 gcc compiler'
arm-none-eabi-gcc -Wall -O0 -g3 -I"C:\Users\Lucy\Desktop\zynq_ov5640_hdmi7020\zynq_ov5640_hdmi.sdk\design_1_wrapper_hw_platform_0" -c -fmessage-length=0 -MT"src/nor.o" -mcpu=cortex-a9 -mfpu=vfpv3 -mfloat-abi=hard -I../../test_bsp/ps7_cortexa9_0/include -MMD -MP -MF"src/nor.d" -MT"src/nor.o" -o "src/nor.o" "../src/nor.c"
'Finished building: ../src/nor.c'
' '
'Building file: ../src/pcap.c'
'Invoking: ARM v7 gcc compiler'
arm-none-eabi-gcc -Wall -O0 -g3 -I"C:\Users\Lucy\Desktop\zynq_ov5640_hdmi7020\zynq_ov5640_hdmi.sdk\design_1_wrapper_hw_platform_0" -c -fmessage-length=0 -MT"src/pcap.o" -mcpu=cortex-a9 -mfpu=vfpv3 -mfloat-abi=hard -I../../test_bsp/ps7_cortexa9_0/include -MMD -MP -MF"src/pcap.d" -MT"src/pcap.o" -o "src/pcap.o" "../src/pcap.c"
In file included from ../src/pcap.c:100:0:
../../test_bsp/ps7_cortexa9_0/include/xtime_l.h:87:9: note: #pragma message: For the sleep routines, Global timer is being used
 #pragma message ("For the sleep routines, Global timer is being used")
         ^~~~~~~
'Finished building: ../src/pcap.c'
' '
'Building file: C:/Users/Lucy/Desktop/zynq_ov5640_hdmi7020/zynq_ov5640_hdmi.sdk/design_1_wrapper_hw_platform_0/ps7_init.c'
'Invoking: ARM v7 gcc compiler'
arm-none-eabi-gcc -Wall -O0 -g3 -I"C:\Users\Lucy\Desktop\zynq_ov5640_hdmi7020\zynq_ov5640_hdmi.sdk\design_1_wrapper_hw_platform_0" -c -fmessage-length=0 -MT"src/ps7_init.o" -mcpu=cortex-a9 -mfpu=vfpv3 -mfloat-abi=hard -I../../test_bsp/ps7_cortexa9_0/include -MMD -MP -MF"src/ps7_init.d" -MT"src/ps7_init.o" -o "src/ps7_init.o" "C:/Users/Lucy/Desktop/zynq_ov5640_hdmi7020/zynq_ov5640_hdmi.sdk/design_1_wrapper_hw_platform_0/ps7_init.c"
'Finished building: C:/Users/Lucy/Desktop/zynq_ov5640_hdmi7020/zynq_ov5640_hdmi.sdk/design_1_wrapper_hw_platform_0/ps7_init.c'
' '
'Building file: ../src/qspi.c'
'Invoking: ARM v7 gcc compiler'
arm-none-eabi-gcc -Wall -O0 -g3 -I"C:\Users\Lucy\Desktop\zynq_ov5640_hdmi7020\zynq_ov5640_hdmi.sdk\design_1_wrapper_hw_platform_0" -c -fmessage-length=0 -MT"src/qspi.o" -mcpu=cortex-a9 -mfpu=vfpv3 -mfloat-abi=hard -I../../test_bsp/ps7_cortexa9_0/include -MMD -MP -MF"src/qspi.d" -MT"src/qspi.o" -o "src/qspi.o" "../src/qspi.c"
'Finished building: ../src/qspi.c'
' '
'Building file: ../src/rsa.c'
'Invoking: ARM v7 gcc compiler'
arm-none-eabi-gcc -Wall -O0 -g3 -I"C:\Users\Lucy\Desktop\zynq_ov5640_hdmi7020\zynq_ov5640_hdmi.sdk\design_1_wrapper_hw_platform_0" -c -fmessage-length=0 -MT"src/rsa.o" -mcpu=cortex-a9 -mfpu=vfpv3 -mfloat-abi=hard -I../../test_bsp/ps7_cortexa9_0/include -MMD -MP -MF"src/rsa.d" -MT"src/rsa.o" -o "src/rsa.o" "../src/rsa.c"
'Finished building: ../src/rsa.c'
' '
'Building file: ../src/sd.c'
'Invoking: ARM v7 gcc compiler'
arm-none-eabi-gcc -Wall -O0 -g3 -I"C:\Users\Lucy\Desktop\zynq_ov5640_hdmi7020\zynq_ov5640_hdmi.sdk\design_1_wrapper_hw_platform_0" -c -fmessage-length=0 -MT"src/sd.o" -mcpu=cortex-a9 -mfpu=vfpv3 -mfloat-abi=hard -I../../test_bsp/ps7_cortexa9_0/include -MMD -MP -MF"src/sd.d" -MT"src/sd.o" -o "src/sd.o" "../src/sd.c"
'Finished building: ../src/sd.c'
' '
'Building target: FSBL.elf'
'Invoking: ARM v7 gcc linker'
arm-none-eabi-gcc -mcpu=cortex-a9 -mfpu=vfpv3 -mfloat-abi=hard -Wl,-build-id=none -specs=Xilinx.spec -Wl,-T -Wl,../src/lscript.ld -L../../test_bsp/ps7_cortexa9_0/lib -o "FSBL.elf"  ./src/fsbl_handoff.o ./src/fsbl_hooks.o ./src/image_mover.o ./src/main.o ./src/md5.o ./src/nand.o ./src/nor.o ./src/pcap.o ./src/ps7_init.o ./src/qspi.o ./src/rsa.o ./src/sd.o   -Wl,--start-group,-lxil,-lgcc,-lc,--end-group -Wl,--start-group,-lxilffs,-lxil,-lgcc,-lc,--end-group
'Finished building target: FSBL.elf'
' '
'Invoking: ARM v7 Print Size'
arm-none-eabi-size FSBL.elf  |tee "FSBL.elf.size"
   text	   data	    bss	    dec	    hex	filename
  81468	   9248	  74712	 165428	  28634	FSBL.elf
'Finished building: FSBL.elf.size'
' '
